PS C:\Users\chant> cd Desktop
PS C:\Users\chant\Desktop> mkdir git_challenge


    ディレクトリ: C:\Users\chant\Desktop


Mode                 LastWriteTime         Length Name                                                                                                            
----                 -------------         ------ ----                                                                                                            
d-----        2026/06/22     18:44                git_challenge                                                                                                   


PS C:\Users\chant\Desktop> cd git_challenge
PS C:\Users\chant\Desktop\git_challenge> git init 
Initialized empty Git repository in C:/Users/chant/Desktop/git_challenge/.git/
PS C:\Users\chant\Desktop\git_challenge> echo "Hello, world!" >> hello_world.txt
PS C:\Users\chant\Desktop\git_challenge> git add hello_world.txt
PS C:\Users\chant\Desktop\git_challenge> git commit -m "Hello,world!を追加"

[main (root-commit) 9bc45f9] Hello,world!を追加
 1 file changed, 0 insertions(+), 0 deletions(-)
 create mode 100644 hello_world.txt
PS C:\Users\chant\Desktop\git_challenge> echo "こんにちは、世界！" >> hello_world.txt
PS C:\Users\chant\Desktop\git_challenge> git add hello_world.txt
PS C:\Users\chant\Desktop\git_challenge> git commit -m　"日本語訳を追加"
[main 13a8fe9] 日本語訳を追加
 1 file changed, 0 insertions(+), 0 deletions(-)
PS C:\Users\chant\Desktop\git_challenge> git log --oneline
13a8fe9 (HEAD -> main) 日本語訳を追加
9bc45f9 Hello,world!を追加
PS C:\Users\chant\Desktop\git_challenge> git status
On branch main
nothing to commit, working tree clean
PS C:\Users\chant\Desktop\git_challenge> git diff
PS C:\Users\chant\Desktop\git_challenge> cat hello_world.txt
Hello, world!
こんにちは、世界！
PS C:\Users\chant\Desktop\git_challenge> git add hello_world.txt
PS C:\Users\chant\Desktop\git_challenge> git commit -m "日本語訳を追加"
On branch main
nothing to commit, working tree clean
PS C:\Users\chant\Desktop\git_challenge> git log --oneline
13a8fe9 (HEAD -> main) 日本語訳を追加
9bc45f9 Hello,world!を追加
PS C:\Users\chant\Desktop\git_challenge> 